// Jest Snapshot v1, https://goo.gl/fbAQLP

exports[`Uploader component snapshot 1`] = `
<form
  className="formCard"
  id="form-file-upload"
  onDragEnter={[Function]}
  onSubmit={[Function]}
  title="Image form"
>
  <h1>
    Upload your image
  </h1>
  <p
    className="primaryText"
  >
    File should be Jpeg, Png,...
  </p>
  <input
    accept="image/*"
    id="input-file-upload"
    multiple={true}
    onChange={[Function]}
    title="file input"
    type="file"
  />
  <label
    htmlFor="input-file-upload"
    id="label-file-upload"
  >
    <div
      className="dropView"
      style={Object {}}
    >
      <span
        style={
          Object {
            "background": "none",
            "border": 0,
            "boxSizing": "border-box",
            "display": "inline-block",
            "height": "initial",
            "margin": 0,
            "maxWidth": "100%",
            "opacity": 1,
            "overflow": "hidden",
            "padding": 0,
            "position": "relative",
            "width": "initial",
          }
        }
      >
        <span
          style={
            Object {
              "background": "none",
              "border": 0,
              "boxSizing": "border-box",
              "display": "block",
              "height": "initial",
              "margin": 0,
              "maxWidth": "100%",
              "opacity": 1,
              "padding": 0,
              "width": "initial",
            }
          }
        >
          <img
            alt=""
            aria-hidden={true}
            src="data:image/svg+xml,%3csvg%20xmlns=%27http://www.w3.org/2000/svg%27%20version=%271.1%27%20width=%27114.13%27%20height=%2788.24%27/%3e"
            style={
              Object {
                "background": "none",
                "border": 0,
                "display": "block",
                "height": "initial",
                "margin": 0,
                "maxWidth": "100%",
                "opacity": 1,
                "padding": 0,
                "width": "initial",
              }
            }
          />
        </span>
        <img
          alt="image"
          data-nimg="intrinsic"
          decoding="async"
          onError={[Function]}
          onLoad={[Function]}
          src="/image.svg"
          srcSet="/image.svg 1x, /image.svg 2x"
          style={
            Object {
              "border": "none",
              "bottom": 0,
              "boxSizing": "border-box",
              "display": "block",
              "height": 0,
              "left": 0,
              "margin": "auto",
              "maxHeight": "100%",
              "maxWidth": "100%",
              "minHeight": "100%",
              "minWidth": "100%",
              "objectFit": undefined,
              "objectPosition": undefined,
              "padding": 0,
              "position": "absolute",
              "right": 0,
              "top": 0,
              "width": 0,
            }
          }
        />
      </span>
      <p
        className="secondaryText"
      >
        Drag & Drop your image here
      </p>
    </div>
  </label>
  <p
    className="secondaryText or"
  >
    Or
  </p>
  <button
    onClick={[Function]}
  >
    Choose a file
  </button>
</form>
`;
