// Jest Snapshot v1, https://goo.gl/fbAQLP

exports[`Loader component snapshot 1`] = `
<div
  className="loaderMainContainer"
>
  <h1>
    Uploading...
  </h1>
  <div
    className="progressBar"
  >
    <div
      className="progressBarProgress"
    />
  </div>
</div>
`;
